loading data/arkit_bridge_pairs/all
loading data/arkit_bridge_pairs/holdout_v3
  train: b(15622, 58) y(15622, 512); holdout: b(822, 58) y(822, 512)
  σ = 1.3003 (median)
fitting landmarks: mode=random k=11
  landmarks shape: (11, 58)
  median ‖b-landmark‖/σ: min=0.71 median=1.10 max=1.57
building train design matrix Φ_train
  Φ_train shape: (15622, 11); Φ_tr stats: min=3.585e-02 mean=5.206e-01 max=1.000e+00
building holdout design matrix Φ_holdout
computing normal equations PtP, PtY (float64)...
  λ=1e-06: ratio=0.10123 r2_median=0.318 r2_above_0_7=0.000
  λ=1e-05: ratio=0.10123 r2_median=0.318 r2_above_0_7=0.000
  λ=1e-04: ratio=0.10123 r2_median=0.318 r2_above_0_7=0.000
  λ=1e-03: ratio=0.10123 r2_median=0.318 r2_above_0_7=0.000
  λ=1e-02: ratio=0.10123 r2_median=0.318 r2_above_0_7=0.000
  λ=1e-01: ratio=0.10133 r2_median=0.317 r2_above_0_7=0.000
  λ=1e+00: ratio=0.10279 r2_median=0.311 r2_above_0_7=0.000

wrote exp_output/arkit_bridge/krr_baseline/random_k11/scorecard.json
best λ=1e-06 ratio=0.10123 r2_median=0.318
